
> pi-front@0.0.0 build
> ng build

[33mÔØ»[39m Building...
[32mÔ£ö[39m Building...
[35mPrerendered 0 static routes.[39m
Application bundle generation failed. [14.372 seconds]

node.exe : 
[1m[33m[33mÔû▓ [43;
33m[[43;30mWARNING[43
;33m][0m [1mUse "src/
app/frontoffice/jungle/
tutor/Booking/Tutor-boo
kings.component.css" 
instead of "src/app/fro
ntoffice/jungle/tutor/B
ooking/tutor-bookings.c
omponent.css" to avoid 
issues with 
case-sensitive file 
systems[0m 
[1m[35m[plugin 
angular-compiler][0m 
[different-path-case]
Au caractère 
C:\Program Files\nodejs
\npm.ps1:16 : 5
+     & 
"$basedir/node$exe"  "$
basedir/node_modules/np
m/bin/npm-cli.js" ...
+     ~~~~~~~~~~~~~~~~~
~~~~~~~~~~~~~~~~~~~~~~~
~~~~~~~~~~~~~~~~~~~~~~~
~~
    + CategoryInfo     
         : NotSpecifi  
  ed: ([1m[33m[33   
 mÔ...rent-path-cas    
e]:String) [], Rem    
oteException
    + FullyQualifiedEr 
   rorId : NativeComm  
  andError
 


[33mÔû▓ [43;33m[[43;
30mWARNING[43;33m][0m
 [1mAll "@import" 
rules must come 
first[0m 
[1m[35m[plugin 
angular-compiler][0m 
[invalid-@import]

    src/app/frontoffice
/jungle/student/Quiz/st
udent-quiz-history.comp
onent.css:3:0:
[37m      3 Ôöé 
[32m@import[37m url('
https://fonts.googleapi
s.com/css2?family=DM+Sa
ns:wght@...
        ÔòÁ 
[32m~~~~~~~[0m

  This rule cannot 
come before an 
"@import" rule

    src/app/frontoffice
/jungle/student/Quiz/st
udent-quiz-history.comp
onent.css:1:0:
[37m      1 Ôöé 
[32m[37m:host { 
display: block; }
        ÔòÁ [32m^[0m


[33mÔû▓ [43;33m[[43;
30mWARNING[43;33m][0m
 [1mNG8107: The left 
side of this optional 
chain operation does 
not include 'null' or 
'undefined' in its 
type, therefore the 
'?.' operator can be 
replaced with the '.' 
operator.[0m 
[1m[35m[plugin 
angular-compiler][0m

    src/app/frontoffice
/jungle/tutor/Quiz/Tuto
r quiz results.componen
t.html:95:62:
[37m      95 Ôöé ...cl
ass="student-avatar">{{
 r.studentName?.[32mch
arAt[37m(0) || '?' 
}}</div>
         ÔòÁ           
                       
           
[32m~~~~~~[0m

  Error occurs in the 
template of component T
utorQuizResultsComponen
t.

    src/app/frontoffice
/jungle/tutor/Quiz/Tuto
r quiz results 
component.ts:18:17:
[37m      18 Ôöé     
templateUrl: 
[32m'./Tutor quiz resu
lts.component.html'[37
m,
         ÔòÁ           
       [32m~~~~~~~~~~~
~~~~~~~~~~~~~~~~~~~~~~~
~~~[0m

[39m[22m
[1m[31m[31mX [41;31
m[[41;97mERROR[41;31m
][0m [1mNG9: 
Property 
'feedbackCount' does 
not exist on type 'Stud
entBookingHistoryCompon
ent'.[0m 
[1m[35m[plugin 
angular-compiler][0m

    src/app/frontoffice
/jungle/student/student
-booking-history/studen
t-booking-history.compo
nent.html:16:36:
[37m      16 Ôöé      
   <span 
class="stat-value">{{ 
[32mfeedbackCount[37m 
}}</span>
         ÔòÁ           
                       
   
[32m~~~~~~~~~~~~~[0m

  Error occurs in the 
template of component S
tudentBookingHistoryCom
ponent.

    src/app/frontoffice
/jungle/student/student
-booking-history/studen
t-booking-history.compo
nent.ts:12:15:
[37m      12 Ôöé   
templateUrl: [32m'./st
udent-booking-history.c
omponent.html'[37m,
         ÔòÁ           
     [32m~~~~~~~~~~~~~
~~~~~~~~~~~~~~~~~~~~~~~
~~~~~~[0m


[31mX [41;31m[[41;97
mERROR[41;31m][0m 
[1mNG8002: Can't bind 
to 'ngModel' since it 
isn't a known property 
of 'input'.[0m 
[1m[35m[plugin 
angular-compiler][0m

    src/app/frontoffice
/jungle/student/student
-booking-history/studen
t-booking-history.compo
nent.html:26:91:
[37m      26 Ôöé ...r 
tuteur, date..." [32m[
(ngModel)]="searchQuery
"[37m 
(input)="applyFilt...
         ÔòÁ           
            [32m~~~~~~
~~~~~~~~~~~~~~~~~~~[0m

  Error occurs in the 
template of component S
tudentBookingHistoryCom
ponent.

    src/app/frontoffice
/jungle/student/student
-booking-history/studen
t-booking-history.compo
nent.ts:12:15:
[37m      12 Ôöé   
templateUrl: [32m'./st
udent-booking-history.c
omponent.html'[37m,
         ÔòÁ           
     [32m~~~~~~~~~~~~~
~~~~~~~~~~~~~~~~~~~~~~~
~~~~~~[0m


[31mX [41;31m[[41;97
mERROR[41;31m][0m 
[1mNG9: Property 
'searchQuery' does not 
exist on type 'StudentB
ookingHistoryComponent'
.[0m [1m[35m[plugin 
angular-compiler][0m

    src/app/frontoffice
/jungle/student/student
-booking-history/studen
t-booking-history.compo
nent.html:26:104:
[37m      26 Ôöé 
...uteur, date..." [(ng
Model)]="[32msearchQue
ry[37m" (input)="apply
Filter()">
         ÔòÁ           
                      
[32m~~~~~~~~~~~[0m

  Error occurs in the 
template of component S
tudentBookingHistoryCom
ponent.

    src/app/frontoffice
/jungle/student/student
-booking-history/studen
t-booking-history.compo
nent.ts:12:15:
[37m      12 Ôöé   
templateUrl: [32m'./st
udent-booking-history.c
omponent.html'[37m,
         ÔòÁ           
     [32m~~~~~~~~~~~~~
~~~~~~~~~~~~~~~~~~~~~~~
~~~~~~[0m


[31mX [41;31m[[41;97
mERROR[41;31m][0m 
[1mNG9: Property 
'searchQuery' does not 
exist on type 'StudentB
ookingHistoryComponent'
.[0m [1m[35m[plugin 
angular-compiler][0m

    src/app/frontoffice
/jungle/student/student
-booking-history/studen
t-booking-history.compo
nent.html:26:104:
[37m      26 Ôöé 
...uteur, date..." [(ng
Model)]="[32msearchQue
ry[37m" (input)="apply
Filter()">
         ÔòÁ           
                      
[32m~~~~~~~~~~~[0m

  Error occurs in the 
template of component S
tudentBookingHistoryCom
ponent.

    src/app/frontoffice
/jungle/student/student
-booking-history/studen
t-booking-history.compo
nent.ts:12:15:
[37m      12 Ôöé   
templateUrl: [32m'./st
udent-booking-history.c
omponent.html'[37m,
         ÔòÁ           
     [32m~~~~~~~~~~~~~
~~~~~~~~~~~~~~~~~~~~~~~
~~~~~~[0m


[31mX [41;31m[[41;97
mERROR[41;31m][0m 
[1mNG9: Property 
'applyFilter' does not 
exist on type 'StudentB
ookingHistoryComponent'
.[0m [1m[35m[plugin 
angular-compiler][0m

    src/app/frontoffice
/jungle/student/student
-booking-history/studen
t-booking-history.compo
nent.html:26:126:
[37m      26 Ôöé 
...uteur, date..." [(ng
Model)]="searchQuery" (
input)="[32mapplyFilte
r[37m()">
         ÔòÁ           
                       
                     
[32m~~~~~~~~~~~[0m

  Error occurs in the 
template of component S
tudentBookingHistoryCom
ponent.

    src/app/frontoffice
/jungle/student/student
-booking-history/studen
t-booking-history.compo
nent.ts:12:15:
[37m      12 Ôöé   
templateUrl: [32m'./st
udent-booking-history.c
omponent.html'[37m,
         ÔòÁ           
     [32m~~~~~~~~~~~~~
~~~~~~~~~~~~~~~~~~~~~~~
~~~~~~[0m


[31mX [41;31m[[41;97
mERROR[41;31m][0m 
[1mNG9: Property 
'filters' does not 
exist on type 'StudentB
ookingHistoryComponent'
.[0m [1m[35m[plugin 
angular-compiler][0m

    src/app/frontoffice
/jungle/student/student
-booking-history/studen
t-booking-history.compo
nent.html:29:44:
[37m      29 Ôöé 
...ass="chip" 
*ngFor="let f of 
[32mfilters[37m" [cla
ss.active]="activeFilt.
..
         ÔòÁ           
                     
[32m~~~~~~~[0m

  Error occurs in the 
template of component S
tudentBookingHistoryCom
ponent.

    src/app/frontoffice
/jungle/student/student
-booking-history/studen
t-booking-history.compo
nent.ts:12:15:
[37m      12 Ôöé   
templateUrl: [32m'./st
udent-booking-history.c
omponent.html'[37m,
         ÔòÁ           
     [32m~~~~~~~~~~~~~
~~~~~~~~~~~~~~~~~~~~~~~
~~~~~~[0m


[31mX [41;31m[[41;97
mERROR[41;31m][0m 
[1mNG9: Property 
'activeFilter' does 
not exist on type 'Stud
entBookingHistoryCompon
ent'.[0m 
[1m[35m[plugin 
angular-compiler][0m

    src/app/frontoffice
/jungle/student/student
-booking-history/studen
t-booking-history.compo
nent.html:29:69:
[37m      29 Ôöé ... 
filters" [class.active]
="[32mactiveFilter[37
m === f.value" 
(click)="ac...
         ÔòÁ           
                   
[32m~~~~~~~~~~~~[0m

  Error occurs in the 
template of component S
tudentBookingHistoryCom
ponent.

    src/app/frontoffice
/jungle/student/student
-booking-history/studen
t-booking-history.compo
nent.ts:12:15:
[37m      12 Ôöé   
templateUrl: [32m'./st
udent-booking-history.c
omponent.html'[37m,
         ÔòÁ           
     [32m~~~~~~~~~~~~~
~~~~~~~~~~~~~~~~~~~~~~~
~~~~~~[0m


[31mX [41;31m[[41;97
mERROR[41;31m][0m 
[1mNG9: Property 
'activeFilter' does 
not exist on type 'Stud
entBookingHistoryCompon
ent'.[0m 
[1m[35m[plugin 
angular-compiler][0m

    src/app/frontoffice
/jungle/student/student
-booking-history/studen
t-booking-history.compo
nent.html:29:104:
[37m      29 Ôöé 
...lter === f.value" (c
lick)="[32mactiveFilte
r[37m = f.value; 
applyFilter()">
         ÔòÁ           
                    
[32m~~~~~~~~~~~~[0m

  Error occurs in the 
template of component S
tudentBookingHistoryCom
ponent.

    src/app/frontoffice
/jungle/student/student
-booking-history/studen
t-booking-history.compo
nent.ts:12:15:
[37m      12 Ôöé   
templateUrl: [32m'./st
udent-booking-history.c
omponent.html'[37m,
         ÔòÁ           
     [32m~~~~~~~~~~~~~
~~~~~~~~~~~~~~~~~~~~~~~
~~~~~~[0m


[31mX [41;31m[[41;97
mERROR[41;31m][0m 
[1mNG9: Property 
'applyFilter' does not 
exist on type 'StudentB
ookingHistoryComponent'
.[0m [1m[35m[plugin 
angular-compiler][0m

    src/app/frontoffice
/jungle/student/student
-booking-history/studen
t-booking-history.compo
nent.html:29:128:
[37m      29 Ôöé 
...lter === f.value" 
(click)="activeFilter 
= f.value; [32mapplyFi
lter[37m()">
         ÔòÁ           
                       
                     
[32m~~~~~~~~~~~[0m

  Error occurs in the 
template of component S
tudentBookingHistoryCom
ponent.

    src/app/frontoffice
/jungle/student/student
-booking-history/studen
t-booking-history.compo
nent.ts:12:15:
[37m      12 Ôöé   
templateUrl: [32m'./st
udent-booking-history.c
omponent.html'[37m,
         ÔòÁ           
     [32m~~~~~~~~~~~~~
~~~~~~~~~~~~~~~~~~~~~~~
~~~~~~[0m


[31mX [41;31m[[41;97
mERROR[41;31m][0m 
[1mNG9: Property 
'filteredHistory' does 
not exist on type 'Stud
entBookingHistoryCompon
ent'.[0m 
[1m[35m[plugin 
angular-compiler][0m

    src/app/frontoffice
/jungle/student/student
-booking-history/studen
t-booking-history.compo
nent.html:48:49:
[37m      48 Ôöé 
...s="history-list" 
*ngIf="!isLoading && [
32mfilteredHistory[37m
.length > 0">
         ÔòÁ           
                       
        [32m~~~~~~~~~~
~~~~~[0m

  Error occurs in the 
template of component S
tudentBookingHistoryCom
ponent.

    src/app/frontoffice
/jungle/student/student
-booking-history/studen
t-booking-history.compo
nent.ts:12:15:
[37m      12 Ôöé   
templateUrl: [32m'./st
udent-booking-history.c
omponent.html'[37m,
         ÔòÁ           
     [32m~~~~~~~~~~~~~
~~~~~~~~~~~~~~~~~~~~~~~
~~~~~~[0m


[31mX [41;31m[[41;97
mERROR[41;31m][0m 
[1mNG9: Property 
'filteredHistory' does 
not exist on type 'Stud
entBookingHistoryCompon
ent'.[0m 
[1m[35m[plugin 
angular-compiler][0m

    src/app/frontoffice
/jungle/student/student
-booking-history/studen
t-booking-history.compo
nent.html:49:47:
[37m      49 Ôöé     
<div 
class="history-card" 
*ngFor="let b of [32mf
ilteredHistory[37m"
         ÔòÁ           
                       
              [32m~~~~
~~~~~~~~~~~[0m

  Error occurs in the 
template of component S
tudentBookingHistoryCom
ponent.

    src/app/frontoffice
/jungle/student/student
-booking-history/studen
t-booking-history.compo
nent.ts:12:15:
[37m      12 Ôöé   
templateUrl: [32m'./st
udent-booking-history.c
omponent.html'[37m,
         ÔòÁ           
     [32m~~~~~~~~~~~~~
~~~~~~~~~~~~~~~~~~~~~~~
~~~~~~[0m


[31mX [41;31m[[41;97
mERROR[41;31m][0m 
[1mNG9: Property 
'getTypeLabel' does 
not exist on type 'Stud
entBookingHistoryCompon
ent'.[0m 
[1m[35m[plugin 
angular-compiler][0m

    src/app/frontoffice
/jungle/student/student
-booking-history/studen
t-booking-history.compo
nent.html:60:38:
[37m      60 Ôöé      
       <span 
class="meta-tag">{{ [3
2mgetTypeLabel[37m(b.t
ype) }}</span>
         ÔòÁ           
                       
     
[32m~~~~~~~~~~~~[0m

  Error occurs in the 
template of component S
tudentBookingHistoryCom
ponent.

    src/app/frontoffice
/jungle/student/student
-booking-history/studen
t-booking-history.compo
nent.ts:12:15:
[37m      12 Ôöé   
templateUrl: [32m'./st
udent-booking-history.c
omponent.html'[37m,
         ÔòÁ           
     [32m~~~~~~~~~~~~~
~~~~~~~~~~~~~~~~~~~~~~~
~~~~~~[0m


[31mX [41;31m[[41;97
mERROR[41;31m][0m 
[1mNG9: Property 
'getStatusIcon' does 
not exist on type 'Stud
entBookingHistoryCompon
ent'.[0m 
[1m[35m[plugin 
angular-compiler][0m

    src/app/frontoffice
/jungle/student/student
-booking-history/studen
t-booking-history.compo
nent.html:67:15:
[37m      67 Ôöé      
       {{ [32mgetStatu
sIcon[37m(b.status) 
}} {{ getStatusLabel(b.
stat...
         ÔòÁ           
     
[32m~~~~~~~~~~~~~[0m

  Error occurs in the 
template of component S
tudentBookingHistoryCom
ponent.

    src/app/frontoffice
/jungle/student/student
-booking-history/studen
t-booking-history.compo
nent.ts:12:15:
[37m      12 Ôöé   
templateUrl: [32m'./st
udent-booking-history.c
omponent.html'[37m,
         ÔòÁ           
     [32m~~~~~~~~~~~~~
~~~~~~~~~~~~~~~~~~~~~~~
~~~~~~[0m


[31mX [41;31m[[41;97
mERROR[41;31m][0m 
[1mNG9: Property 
'getStatusLabel' does 
not exist on type 'Stud
entBookingHistoryCompon
ent'.[0m 
[1m[35m[plugin 
angular-compiler][0m

    src/app/frontoffice
/jungle/student/student
-booking-history/studen
t-booking-history.compo
nent.html:67:45:
[37m      67 Ôöé ...  
    {{ getStatusIcon(b.
status) }} {{ [32mgetS
tatusLabel[37m(b.statu
s) }}
         ÔòÁ           
                       
         
[32m~~~~~~~~~~~~~~[0m

  Error occurs in the 
template of component S
tudentBookingHistoryCom
ponent.

    src/app/frontoffice
/jungle/student/student
-booking-history/studen
t-booking-history.compo
nent.ts:12:15:
[37m      12 Ôöé   
templateUrl: [32m'./st
udent-booking-history.c
omponent.html'[37m,
         ÔòÁ           
     [32m~~~~~~~~~~~~~
~~~~~~~~~~~~~~~~~~~~~~~
~~~~~~[0m


[31mX [41;31m[[41;97
mERROR[41;31m][0m 
[1mNG9: Property 
'openFeedback' does 
not exist on type 'Stud
entBookingHistoryCompon
ent'.[0m 
[1m[35m[plugin 
angular-compiler][0m

    src/app/frontoffice
/jungle/student/student
-booking-history/studen
t-booking-history.compo
nent.html:90:27:
[37m      90 Ôöé      
             (click)="
[32mopenFeedback[37m(b
)">
         ÔòÁ           
                 
[32m~~~~~~~~~~~~[0m

  Error occurs in the 
template of component S
tudentBookingHistoryCom
ponent.

    src/app/frontoffice
/jungle/student/student
-booking-history/studen
t-booking-history.compo
nent.ts:12:15:
[37m      12 Ôöé   
templateUrl: [32m'./st
udent-booking-history.c
omponent.html'[37m,
         ÔòÁ           
     [32m~~~~~~~~~~~~~
~~~~~~~~~~~~~~~~~~~~~~~
~~~~~~[0m


[31mX [41;31m[[41;97
mERROR[41;31m][0m 
[1mNG9: Property 
'openFeedback' does 
not exist on type 'Stud
entBookingHistoryCompon
ent'.[0m 
[1m[35m[plugin 
angular-compiler][0m

    src/app/frontoffice
/jungle/student/student
-booking-history/studen
t-booking-history.compo
nent.html:96:27:
[37m      96 Ôöé      
             (click)="
[32mopenFeedback[37m(b
)">
         ÔòÁ           
                 
[32m~~~~~~~~~~~~[0m

  Error occurs in the 
template of component S
tudentBookingHistoryCom
ponent.

    src/app/frontoffice
/jungle/student/student
-booking-history/studen
t-booking-history.compo
nent.ts:12:15:
[37m      12 Ôöé   
templateUrl: [32m'./st
udent-booking-history.c
omponent.html'[37m,
         ÔòÁ           
     [32m~~~~~~~~~~~~~
~~~~~~~~~~~~~~~~~~~~~~~
~~~~~~[0m


[31mX [41;31m[[41;97
mERROR[41;31m][0m 
[1mNG9: Property 
'filteredHistory' does 
not exist on type 'Stud
entBookingHistoryCompon
ent'.[0m 
[1m[35m[plugin 
angular-compiler][0m

    src/app/frontoffice
/jungle/student/student
-booking-history/studen
t-booking-history.compo
nent.html:105:48:
[37m      105 Ôöé 
..."empty-state" 
*ngIf="!isLoading && [
32mfilteredHistory[37m
.length === 0">
          ÔòÁ          
                       
      [32m~~~~~~~~~~~~
~~~[0m

  Error occurs in the 
template of component S
tudentBookingHistoryCom
ponent.

    src/app/frontoffice
/jungle/student/student
-booking-history/studen
t-booking-history.compo
nent.ts:12:15:
[37m      12 Ôöé   
templateUrl: [32m'./st
udent-booking-history.c
omponent.html'[37m,
         ÔòÁ           
     [32m~~~~~~~~~~~~~
~~~~~~~~~~~~~~~~~~~~~~~
~~~~~~[0m


[31mX [41;31m[[41;97
mERROR[41;31m][0m 
[1mNG9: Property 
'showFeedbackModal' 
does not exist on type 
'StudentBookingHistoryC
omponent'.[0m 
[1m[35m[plugin 
angular-compiler][0m

    src/app/frontoffice
/jungle/student/student
-booking-history/studen
t-booking-history.compo
nent.html:112:36:
[37m      112 Ôöé 
..."modal-overlay" *ngI
f="[32mshowFeedbackMod
al[37m" 
(click)="closeFeedba...
          ÔòÁ          
                 [32m~
~~~~~~~~~~~~~~~~[0m

  Error occurs in the 
template of component S
tudentBookingHistoryCom
ponent.

    src/app/frontoffice
/jungle/student/student
-booking-history/studen
t-booking-history.compo
nent.ts:12:15:
[37m      12 Ôöé   
templateUrl: [32m'./st
udent-booking-history.c
omponent.html'[37m,
         ÔòÁ           
     [32m~~~~~~~~~~~~~
~~~~~~~~~~~~~~~~~~~~~~~
~~~~~~[0m


[31mX [41;31m[[41;97
mERROR[41;31m][0m 
[1mNG9: Property 
'closeFeedback' does 
not exist on type 'Stud
entBookingHistoryCompon
ent'.[0m 
[1m[35m[plugin 
angular-compiler][0m

    src/app/frontoffice
/jungle/student/student
-booking-history/studen
t-booking-history.compo
nent.html:112:64:
[37m      112 Ôöé 
...dal-overlay" *ngIf="
showFeedbackModal" (cli
ck)="[32mcloseFeedback
[37m()">
          ÔòÁ          
                       
                   
[32m~~~~~~~~~~~~~[0m

  Error occurs in the 
template of component S
tudentBookingHistoryCom
ponent.

    src/app/frontoffice
/jungle/student/student
-booking-history/studen
t-booking-history.compo
nent.ts:12:15:
[37m      12 Ôöé   
templateUrl: [32m'./st
udent-booking-history.c
omponent.html'[37m,
         ÔòÁ           
     [32m~~~~~~~~~~~~~
~~~~~~~~~~~~~~~~~~~~~~~
~~~~~~[0m


[31mX [41;31m[[41;97
mERROR[41;31m][0m 
[1mNG9: Property 
'closeFeedback' does 
not exist on type 'Stud
entBookingHistoryCompon
ent'.[0m 
[1m[35m[plugin 
angular-compiler][0m

    src/app/frontoffice
/jungle/student/student
-booking-history/studen
t-booking-history.compo
nent.html:116:45:
[37m      116 Ôöé 
...<button 
class="modal-close" (cl
ick)="[32mcloseFeedbac
k[37m()">├ù</button>
          ÔòÁ          
                       
        
[32m~~~~~~~~~~~~~[0m

  Error occurs in the 
template of component S
tudentBookingHistoryCom
ponent.

    src/app/frontoffice
/jungle/student/student
-booking-history/studen
t-booking-history.compo
nent.ts:12:15:
[37m      12 Ôöé   
templateUrl: [32m'./st
udent-booking-history.c
omponent.html'[37m,
         ÔòÁ           
     [32m~~~~~~~~~~~~~
~~~~~~~~~~~~~~~~~~~~~~~
~~~~~~[0m


[31mX [41;31m[[41;97
mERROR[41;31m][0m 
[1mNG9: Property 
'selectedBooking' does 
not exist on type 'Stud
entBookingHistoryCompon
ent'.[0m 
[1m[35m[plugin 
angular-compiler][0m

    src/app/frontoffice
/jungle/student/student
-booking-history/studen
t-booking-history.compo
nent.html:120:22:
[37m      120 Ôöé     
      <span>ƒôà 
{[32m{ selectedBooki[
37mng?.sessionDate | 
date:'d MM...
          ÔòÁ          
          [32m~~~~~~~~
~~~~~~~[0m

  Error occurs in the 
template of component S
tudentBookingHistoryCom
ponent.

    src/app/frontoffice
/jungle/student/student
-booking-history/studen
t-booking-history.compo
nent.ts:12:15:
[37m      12 Ôöé   
templateUrl: [32m'./st
udent-booking-history.c
omponent.html'[37m,
         ÔòÁ           
     [32m~~~~~~~~~~~~~
~~~~~~~~~~~~~~~~~~~~~~~
~~~~~~[0m


[31mX [41;31m[[41;97
mERROR[41;31m][0m 
[1mNG9: Property 
'selectedBooking' does 
not exist on type 'Stud
entBookingHistoryCompon
ent'.[0m 
[1m[35m[plugin 
angular-compiler][0m

    src/app/frontoffice
/jungle/student/student
-booking-history/studen
t-booking-history.compo
nent.html:121:30:
[37m      121 Ôöé     
      <span>ƒæñ Tuteur 
#{[32m{ selectedBooki
[37mng?.tutorId 
}}</span>
          ÔòÁ          
                  [32m
~~~~~~~~~~~~~~~[0m

  Error occurs in the 
template of component S
tudentBookingHistoryCom
ponent.

    src/app/frontoffice
/jungle/student/student
-booking-history/studen
t-booking-history.compo
nent.ts:12:15:
[37m      12 Ôöé   
templateUrl: [32m'./st
udent-booking-history.c
omponent.html'[37m,
         ÔòÁ           
     [32m~~~~~~~~~~~~~
~~~~~~~~~~~~~~~~~~~~~~~
~~~~~~[0m


[31mX [41;31m[[41;97
mERROR[41;31m][0m 
[1mNG9: Property 
'feedbackRating' does 
not exist on type 'Stud
entBookingHistoryCompon
ent'.[0m 
[1m[35m[plugin 
angular-compiler][0m

    src/app/frontoffice
/jungle/student/student
-booking-history/studen
t-booking-history.compo
nent.html:127:36:
[37m      127 Ôöé     
                [class.
active]="[32mfeedbackR
ating[37m >= i"
          ÔòÁ          
                       
    
[32m~~~~~~~~~~~~~~[0m

  Error occurs in the 
template of component S
tudentBookingHistoryCom
ponent.

    src/app/frontoffice
/jungle/student/student
-booking-history/studen
t-booking-history.compo
nent.ts:12:15:
[37m      12 Ôöé   
templateUrl: [32m'./st
udent-booking-history.c
omponent.html'[37m,
         ÔòÁ           
     [32m~~~~~~~~~~~~~
~~~~~~~~~~~~~~~~~~~~~~~
~~~~~~[0m


[31mX [41;31m[[41;97
mERROR[41;31m][0m 
[1mNG9: Property 
'feedbackRating' does 
not exist on type 'Stud
entBookingHistoryCompon
ent'.[0m 
[1m[35m[plugin 
angular-compiler][0m

    src/app/frontoffice
/jungle/student/student
-booking-history/studen
t-booking-history.compo
nent.html:128:29:
[37m      128 Ôöé     
                (click)
="[32mfeedbackRating[
37m = i"
          ÔòÁ          
                    
[32m~~~~~~~~~~~~~~[0m

  Error occurs in the 
template of component S
tudentBookingHistoryCom
ponent.

    src/app/frontoffice
/jungle/student/student
-booking-history/studen
t-booking-history.compo
nent.ts:12:15:
[37m      12 Ôöé   
templateUrl: [32m'./st
udent-booking-history.c
omponent.html'[37m,
         ÔòÁ           
     [32m~~~~~~~~~~~~~
~~~~~~~~~~~~~~~~~~~~~~~
~~~~~~[0m


[31mX [41;31m[[41;97
mERROR[41;31m][0m 
[1mNG9: Property 
'hoverRating' does not 
exist on type 'StudentB
ookingHistoryComponent'
.[0m [1m[35m[plugin 
angular-compiler][0m

    src/app/frontoffice
/jungle/student/student
-booking-history/studen
t-booking-history.compo
nent.html:129:34:
[37m      129 Ôöé     
                (mousee
nter)="[32mhoverRating
[37m = i"
          ÔòÁ          
                       
  [32m~~~~~~~~~~~[0m

  Error occurs in the 
template of component S
tudentBookingHistoryCom
ponent.

    src/app/frontoffice
/jungle/student/student
-booking-history/studen
t-booking-history.compo
nent.ts:12:15:
[37m      12 Ôöé   
templateUrl: [32m'./st
udent-booking-history.c
omponent.html'[37m,
         ÔòÁ           
     [32m~~~~~~~~~~~~~
~~~~~~~~~~~~~~~~~~~~~~~
~~~~~~[0m


[31mX [41;31m[[41;97
mERROR[41;31m][0m 
[1mNG9: Property 
'hoverRating' does not 
exist on type 'StudentB
ookingHistoryComponent'
.[0m [1m[35m[plugin 
angular-compiler][0m

    src/app/frontoffice
/jungle/student/student
-booking-history/studen
t-booking-history.compo
nent.html:130:34:
[37m      130 Ôöé     
                (mousel
eave)="[32mhoverRating
[37m = 0">
          ÔòÁ          
                       
  [32m~~~~~~~~~~~[0m

  Error occurs in the 
template of component S
tudentBookingHistoryCom
ponent.

    src/app/frontoffice
/jungle/student/student
-booking-history/studen
t-booking-history.compo
nent.ts:12:15:
[37m      12 Ôöé   
templateUrl: [32m'./st
udent-booking-history.c
omponent.html'[37m,
         ÔòÁ           
     [32m~~~~~~~~~~~~~
~~~~~~~~~~~~~~~~~~~~~~~
~~~~~~[0m


[31mX [41;31m[[41;97
mERROR[41;31m][0m 
[1mNG9: Property 
'getRatingLabel' does 
not exist on type 'Stud
entBookingHistoryCompon
ent'.[0m 
[1m[35m[plugin 
angular-compiler][0m

    src/app/frontoffice
/jungle/student/student
-booking-history/studen
t-booking-history.compo
nent.html:135:15:
[37m      135 Ôöé     
        {{ [32mgetRati
ngLabel[37m(feedbackRa
ting) }}
          ÔòÁ          
      
[32m~~~~~~~~~~~~~~[0m

  Error occurs in the 
template of component S
tudentBookingHistoryCom
ponent.

    src/app/frontoffice
/jungle/student/student
-booking-history/studen
t-booking-history.compo
nent.ts:12:15:
[37m      12 Ôöé   
templateUrl: [32m'./st
udent-booking-history.c
omponent.html'[37m,
         ÔòÁ           
     [32m~~~~~~~~~~~~~
~~~~~~~~~~~~~~~~~~~~~~~
~~~~~~[0m


[31mX [41;31m[[41;97
mERROR[41;31m][0m 
[1mNG9: Property 
'feedbackRating' does 
not exist on type 'Stud
entBookingHistoryCompon
ent'.[0m 
[1m[35m[plugin 
angular-compiler][0m

    src/app/frontoffice
/jungle/student/student
-booking-history/studen
t-booking-history.compo
nent.html:135:30:
[37m      135 Ôöé     
        {{ getRatingLab
el([32mfeedbackRating
[37m) }}
          ÔòÁ          
                     
[32m~~~~~~~~~~~~~~[0m

  Error occurs in the 
template of component S
tudentBookingHistoryCom
ponent.

    src/app/frontoffice
/jungle/student/student
-booking-history/studen
t-booking-history.compo
nent.ts:12:15:
[37m      12 Ôöé   
templateUrl: [32m'./st
udent-booking-history.c
omponent.html'[37m,
         ÔòÁ           
     [32m~~~~~~~~~~~~~
~~~~~~~~~~~~~~~~~~~~~~~
~~~~~~[0m


[31mX [41;31m[[41;97
mERROR[41;31m][0m 
[1mNG8002: Can't bind 
to 'ngModel' since it 
isn't a known property 
of 'textarea'.[0m 
[1m[35m[plugin 
angular-compiler][0m

    src/app/frontoffice
/jungle/student/student
-booking-history/studen
t-booking-history.compo
nent.html:140:42:
[37m      140 Ôöé ... 
   <textarea 
class="comment-input" 
[32m[(ngModel)]="feedba
ckComment"[37m
          ÔòÁ          
                       
       [32m~~~~~~~~~~~
~~~~~~~~~~~~~~~~~~[0m

  Error occurs in the 
template of component S
tudentBookingHistoryCom
ponent.

    src/app/frontoffice
/jungle/student/student
-booking-history/studen
t-booking-history.compo
nent.ts:12:15:
[37m      12 Ôöé   
templateUrl: [32m'./st
udent-booking-history.c
omponent.html'[37m,
         ÔòÁ           
     [32m~~~~~~~~~~~~~
~~~~~~~~~~~~~~~~~~~~~~~
~~~~~~[0m


[31mX [41;31m[[41;97
mERROR[41;31m][0m 
[1mNG9: Property 
'feedbackComment' does 
not exist on type 'Stud
entBookingHistoryCompon
ent'.[0m 
[1m[35m[plugin 
angular-compiler][0m

    src/app/frontoffice
/jungle/student/student
-booking-history/studen
t-booking-history.compo
nent.html:140:55:
[37m      140 Ôöé ... 
   <textarea 
class="comment-input" [
(ngModel)]="[32mfeedba
ckComment[37m"
          ÔòÁ          
                       
                    [3
2m~~~~~~~~~~~~~~~[0m

  Error occurs in the 
template of component S
tudentBookingHistoryCom
ponent.

    src/app/frontoffice
/jungle/student/student
-booking-history/studen
t-booking-history.compo
nent.ts:12:15:
[37m      12 Ôöé   
templateUrl: [32m'./st
udent-booking-history.c
omponent.html'[37m,
         ÔòÁ           
     [32m~~~~~~~~~~~~~
~~~~~~~~~~~~~~~~~~~~~~~
~~~~~~[0m


[31mX [41;31m[[41;97
mERROR[41;31m][0m 
[1mNG9: Property 
'feedbackComment' does 
not exist on type 'Stud
entBookingHistoryCompon
ent'.[0m 
[1m[35m[plugin 
angular-compiler][0m

    src/app/frontoffice
/jungle/student/student
-booking-history/studen
t-booking-history.compo
nent.html:140:55:
[37m      140 Ôöé ... 
   <textarea 
class="comment-input" [
(ngModel)]="[32mfeedba
ckComment[37m"
          ÔòÁ          
                       
                    [3
2m~~~~~~~~~~~~~~~[0m

  Error occurs in the 
template of component S
tudentBookingHistoryCom
ponent.

    src/app/frontoffice
/jungle/student/student
-booking-history/studen
t-booking-history.compo
nent.ts:12:15:
[37m      12 Ôöé   
templateUrl: [32m'./st
udent-booking-history.c
omponent.html'[37m,
         ÔòÁ           
     [32m~~~~~~~~~~~~~
~~~~~~~~~~~~~~~~~~~~~~~
~~~~~~[0m


[31mX [41;31m[[41;97
mERROR[41;31m][0m 
[1mNG9: Property 
'closeFeedback' does 
not exist on type 'Stud
entBookingHistoryCompon
ent'.[0m 
[1m[35m[plugin 
angular-compiler][0m

    src/app/frontoffice
/jungle/student/student
-booking-history/studen
t-booking-history.compo
nent.html:146:47:
[37m      146 Ôöé ... 
class="btn-secondary" (
click)="[32mcloseFeedb
ack[37m()">Annuler</bu
tton>
          ÔòÁ          
                       
   
[32m~~~~~~~~~~~~~[0m

  Error occurs in the 
template of component S
tudentBookingHistoryCom
ponent.

    src/app/frontoffice
/jungle/student/student
-booking-history/studen
t-booking-history.compo
nent.ts:12:15:
[37m      12 Ôöé   
templateUrl: [32m'./st
udent-booking-history.c
omponent.html'[37m,
         ÔòÁ           
     [32m~~~~~~~~~~~~~
~~~~~~~~~~~~~~~~~~~~~~~
~~~~~~[0m


[31mX [41;31m[[41;97
mERROR[41;31m][0m 
[1mNG9: Property 
'submitFeedback' does 
not exist on type 'Stud
entBookingHistoryCompon
ent'.[0m 
[1m[35m[plugin 
angular-compiler][0m

    src/app/frontoffice
/jungle/student/student
-booking-history/studen
t-booking-history.compo
nent.html:147:45:
[37m      147 Ôöé 
...="btn-confirm" (clic
k)="[32msubmitFeedback
[37m()" 
[disabled]="feedback...
          ÔòÁ          
                  
[32m~~~~~~~~~~~~~~[0m

  Error occurs in the 
template of component S
tudentBookingHistoryCom
ponent.

    src/app/frontoffice
/jungle/student/student
-booking-history/studen
t-booking-history.compo
nent.ts:12:15:
[37m      12 Ôöé   
templateUrl: [32m'./st
udent-booking-history.c
omponent.html'[37m,
         ÔòÁ           
     [32m~~~~~~~~~~~~~
~~~~~~~~~~~~~~~~~~~~~~~
~~~~~~[0m


[31mX [41;31m[[41;97
mERROR[41;31m][0m 
[1mNG9: Property 
'feedbackRating' does 
not exist on type 'Stud
entBookingHistoryCompon
ent'.[0m 
[1m[35m[plugin 
angular-compiler][0m

    src/app/frontoffice
/jungle/student/student
-booking-history/studen
t-booking-history.compo
nent.html:147:75:
[37m      147 Ôöé 
...mitFeedback()" [disa
bled]="[32mfeedbackRat
ing[37m === 0 || 
isSubmitting">
          ÔòÁ          
                     
[32m~~~~~~~~~~~~~~[0m

  Error occurs in the 
template of component S
tudentBookingHistoryCom
ponent.

    src/app/frontoffice
/jungle/student/student
-booking-history/studen
t-booking-history.compo
nent.ts:12:15:
[37m      12 Ôöé   
templateUrl: [32m'./st
udent-booking-history.c
omponent.html'[37m,
         ÔòÁ           
     [32m~~~~~~~~~~~~~
~~~~~~~~~~~~~~~~~~~~~~~
~~~~~~[0m


[31mX [41;31m[[41;97
mERROR[41;31m][0m 
[1mNG9: Property 
'isSubmitting' does 
not exist on type 'Stud
entBookingHistoryCompon
ent'.[0m 
[1m[35m[plugin 
angular-compiler][0m

    src/app/frontoffice
/jungle/student/student
-booking-history/studen
t-booking-history.compo
nent.html:147:99:
[37m      147 Ôöé 
...mitFeedback()" [disa
bled]="feedbackRating 
=== 0 || [32misSubmitt
ing[37m">
          ÔòÁ          
                       
                      
[32m~~~~~~~~~~~~[0m

  Error occurs in the 
template of component S
tudentBookingHistoryCom
ponent.

    src/app/frontoffice
/jungle/student/student
-booking-history/studen
t-booking-history.compo
nent.ts:12:15:
[37m      12 Ôöé   
templateUrl: [32m'./st
udent-booking-history.c
omponent.html'[37m,
         ÔòÁ           
     [32m~~~~~~~~~~~~~
~~~~~~~~~~~~~~~~~~~~~~~
~~~~~~[0m


[31mX [41;31m[[41;97
mERROR[41;31m][0m 
[1mNG9: Property 
'isSubmitting' does 
not exist on type 'Stud
entBookingHistoryCompon
ent'.[0m 
[1m[35m[plugin 
angular-compiler][0m

    src/app/frontoffice
/jungle/student/student
-booking-history/studen
t-booking-history.compo
nent.html:148:23:
[37m      148 Ôöé     
      <span *ngIf="[32
misSubmitting[37m" cla
ss="btn-spinner"></span
>
          ÔòÁ          
              
[32m~~~~~~~~~~~~[0m

  Error occurs in the 
template of component S
tudentBookingHistoryCom
ponent.

    src/app/frontoffice
/jungle/student/student
-booking-history/studen
t-booking-history.compo
nent.ts:12:15:
[37m      12 Ôöé   
templateUrl: [32m'./st
udent-booking-history.c
omponent.html'[37m,
         ÔòÁ           
     [32m~~~~~~~~~~~~~
~~~~~~~~~~~~~~~~~~~~~~~
~~~~~~[0m


[31mX [41;31m[[41;97
mERROR[41;31m][0m 
[1mNG9: Property 
'pendingCount' does 
not exist on type 'Stud
entBookingsComponent'.
[0m [1m[35m[plugin 
angular-compiler][0m

    src/app/frontoffice
/jungle/student/student
-bookings/student-booki
ngs.component.html:12:5
8:
[37m      12 Ôöé 
...class="stat-value" s
tyle="color:#F6BD60">{{
 
[32mpendingCount[37m 
}}</span>
         ÔòÁ           
                       
              
[32m~~~~~~~~~~~~[0m

  Error occurs in the 
template of component S
tudentBookingsComponent
.

    src/app/frontoffice
/jungle/student/student
-bookings/student-booki
ngs.component.ts:12:15:
[37m      12 Ôöé   
templateUrl: [32m'./st
udent-bookings.componen
t.html'[37m,
         ÔòÁ           
     [32m~~~~~~~~~~~~~
~~~~~~~~~~~~~~~~~~~~~~
[0m


[31mX [41;31m[[41;97
mERROR[41;31m][0m 
[1mNG9: Property 
'confirmedCount' does 
not exist on type 'Stud
entBookingsComponent'.
[0m [1m[35m[plugin 
angular-compiler][0m

    src/app/frontoffice
/jungle/student/student
-bookings/student-booki
ngs.component.html:16:5
8:
[37m      16 Ôöé 
...ass="stat-value" sty
le="color:#4caf83">{{ 
[32mconfirmedCount[37m
 }}</span>
         ÔòÁ           
                       
            
[32m~~~~~~~~~~~~~~[0m

  Error occurs in the 
template of component S
tudentBookingsComponent
.

    src/app/frontoffice
/jungle/student/student
-bookings/student-booki
ngs.component.ts:12:15:
[37m      12 Ôöé   
templateUrl: [32m'./st
udent-bookings.componen
t.html'[37m,
         ÔòÁ           
     [32m~~~~~~~~~~~~~
~~~~~~~~~~~~~~~~~~~~~~
[0m


[31mX [41;31m[[41;97
mERROR[41;31m][0m 
[1mNG9: Property 
'tabs' does not exist 
on type 'StudentBooking
sComponent'.[0m 
[1m[35m[plugin 
angular-compiler][0m

    src/app/frontoffice
/jungle/student/student
-bookings/student-booki
ngs.component.html:24:4
7:
[37m      24 Ôöé     
<button 
class="tab-btn" 
*ngFor="let tab of 
[32mtabs[37m"
         ÔòÁ           
                       
              
[32m~~~~[0m

  Error occurs in the 
template of component S
tudentBookingsComponent
.

    src/app/frontoffice
/jungle/student/student
-bookings/student-booki
ngs.component.ts:12:15:
[37m      12 Ôöé   
templateUrl: [32m'./st
udent-bookings.componen
t.html'[37m,
         ÔòÁ           
     [32m~~~~~~~~~~~~~
~~~~~~~~~~~~~~~~~~~~~~
[0m


[31mX [41;31m[[41;97
mERROR[41;31m][0m 
[1mNG9: Property 
'activeTab' does not 
exist on type 'StudentB
ookingsComponent'.[0m 
[1m[35m[plugin 
angular-compiler][0m

    src/app/frontoffice
/jungle/student/student
-bookings/student-booki
ngs.component.html:25:2
8:
[37m      25 Ôöé      
       [class.active]="
[32mactiveTab[37m 
=== tab.value"
         ÔòÁ           
                  
[32m~~~~~~~~~[0m

  Error occurs in the 
template of component S
tudentBookingsComponent
.

    src/app/frontoffice
/jungle/student/student
-bookings/student-booki
ngs.component.ts:12:15:
[37m      12 Ôöé   
templateUrl: [32m'./st
udent-bookings.componen
t.html'[37m,
         ÔòÁ           
     [32m~~~~~~~~~~~~~
~~~~~~~~~~~~~~~~~~~~~~
[0m


[31mX [41;31m[[41;97
mERROR[41;31m][0m 
[1mNG9: Property 
'activeTab' does not 
exist on type 'StudentB
ookingsComponent'.[0m 
[1m[35m[plugin 
angular-compiler][0m

    src/app/frontoffice
/jungle/student/student
-bookings/student-booki
ngs.component.html:26:2
1:
[37m      26 Ôöé      
       (click)="[32mac
tiveTab[37m = 
tab.value; 
filterBookings()">
         ÔòÁ           
           
[32m~~~~~~~~~[0m

  Error occurs in the 
template of component S
tudentBookingsComponent
.

    src/app/frontoffice
/jungle/student/student
-bookings/student-booki
ngs.component.ts:12:15:
[37m      12 Ôöé   
templateUrl: [32m'./st
udent-bookings.componen
t.html'[37m,
         ÔòÁ           
     [32m~~~~~~~~~~~~~
~~~~~~~~~~~~~~~~~~~~~~
[0m


[31mX [41;31m[[41;97
mERROR[41;31m][0m 
[1mNG9: Property 
'filterBookings' does 
not exist on type 'Stud
entBookingsComponent'.
[0m [1m[35m[plugin 
angular-compiler][0m

    src/app/frontoffice
/jungle/student/student
-bookings/student-booki
ngs.component.html:26:4
4:
[37m      26 Ôöé      
       
(click)="activeTab = 
tab.value; [32mfilterB
ookings[37m()">
         ÔòÁ           
                       
           
[32m~~~~~~~~~~~~~~[0m

  Error occurs in the 
template of component S
tudentBookingsComponent
.

    src/app/frontoffice
/jungle/student/student
-bookings/student-booki
ngs.component.ts:12:15:
[37m      12 Ôöé   
templateUrl: [32m'./st
udent-bookings.componen
t.html'[37m,
         ÔòÁ           
     [32m~~~~~~~~~~~~~
~~~~~~~~~~~~~~~~~~~~~~
[0m


[31mX [41;31m[[41;97
mERROR[41;31m][0m 
[1mNG9: Property 
'countByStatus' does 
not exist on type 'Stud
entBookingsComponent'.
[0m [1m[35m[plugin 
angular-compiler][0m

    src/app/frontoffice
/jungle/student/student
-bookings/student-booki
ngs.component.html:28:3
3:
[37m      28 Ôöé      
 <span 
class="tab-count">{{ [
32mcountByStatus[37m(t
ab.value) }}</span>
         ÔòÁ           
                       
[32m~~~~~~~~~~~~~[0m

  Error occurs in the 
template of component S
tudentBookingsComponent
.

    src/app/frontoffice
/jungle/student/student
-bookings/student-booki
ngs.component.ts:12:15:
[37m      12 Ôöé   
templateUrl: [32m'./st
udent-bookings.componen
t.html'[37m,
         ÔòÁ           
     [32m~~~~~~~~~~~~~
~~~~~~~~~~~~~~~~~~~~~~
[0m


[31mX [41;31m[[41;97
mERROR[41;31m][0m 
[1mNG9: Property 
'filteredBookings' 
does not exist on type 
'StudentBookingsCompone
nt'.[0m 
[1m[35m[plugin 
angular-compiler][0m

    src/app/frontoffice
/jungle/student/student
-bookings/student-booki
ngs.component.html:45:5
0:
[37m      45 Ôöé 
..."bookings-list" 
*ngIf="!isLoading && [
32mfilteredBookings[37
m.length > 0">
         ÔòÁ           
                       
       [32m~~~~~~~~~~~
~~~~~[0m

  Error occurs in the 
template of component S
tudentBookingsComponent
.

    src/app/frontoffice
/jungle/student/student
-bookings/student-booki
ngs.component.ts:12:15:
[37m      12 Ôöé   
templateUrl: [32m'./st
udent-bookings.componen
t.html'[37m,
         ÔòÁ           
     [32m~~~~~~~~~~~~~
~~~~~~~~~~~~~~~~~~~~~~
[0m


[31mX [41;31m[[41;97
mERROR[41;31m][0m 
[1mNG9: Property 
'filteredBookings' 
does not exist on type 
'StudentBookingsCompone
nt'.[0m 
[1m[35m[plugin 
angular-compiler][0m

    src/app/frontoffice
/jungle/student/student
-bookings/student-booki
ngs.component.html:46:4
7:
[37m      46 Ôöé     
<div 
class="booking-card" 
*ngFor="let b of [32mf
ilteredBookings[37m"
         ÔòÁ           
                       
              [32m~~~~
~~~~~~~~~~~~[0m

  Error occurs in the 
template of component S
tudentBookingsComponent
.

    src/app/frontoffice
/jungle/student/student
-bookings/student-booki
ngs.component.ts:12:15:
[37m      12 Ôöé   
templateUrl: [32m'./st
udent-bookings.componen
t.html'[37m,
         ÔòÁ           
     [32m~~~~~~~~~~~~~
~~~~~~~~~~~~~~~~~~~~~~
[0m


[31mX [41;31m[[41;97
mERROR[41;31m][0m 
[1mNG9: Property 
'getStatusIcon' does 
not exist on type 'Stud
entBookingsComponent'.
[0m [1m[35m[plugin 
angular-compiler][0m

    src/app/frontoffice
/jungle/student/student
-bookings/student-booki
ngs.component.html:63:1
5:
[37m      63 Ôöé      
       {{ [32mgetStatu
sIcon[37m(b.status) 
}} {{ getStatusLabel(b.
stat...
         ÔòÁ           
     
[32m~~~~~~~~~~~~~[0m

  Error occurs in the 
template of component S
tudentBookingsComponent
.

    src/app/frontoffice
/jungle/student/student
-bookings/student-booki
ngs.component.ts:12:15:
[37m      12 Ôöé   
templateUrl: [32m'./st
udent-bookings.componen
t.html'[37m,
         ÔòÁ           
     [32m~~~~~~~~~~~~~
~~~~~~~~~~~~~~~~~~~~~~
[0m


[31mX [41;31m[[41;97
mERROR[41;31m][0m 
[1mNG9: Property 
'getStatusLabel' does 
not exist on type 'Stud
entBookingsComponent'.
[0m [1m[35m[plugin 
angular-compiler][0m

    src/app/frontoffice
/jungle/student/student
-bookings/student-booki
ngs.component.html:63:4
5:
[37m      63 Ôöé ...  
    {{ getStatusIcon(b.
status) }} {{ [32mgetS
tatusLabel[37m(b.statu
s) }}
         ÔòÁ           
                       
         
[32m~~~~~~~~~~~~~~[0m

  Error occurs in the 
template of component S
tudentBookingsComponent
.

    src/app/frontoffice
/jungle/student/student
-bookings/student-booki
ngs.component.ts:12:15:
[37m      12 Ôöé   
templateUrl: [32m'./st
udent-bookings.componen
t.html'[37m,
         ÔòÁ           
     [32m~~~~~~~~~~~~~
~~~~~~~~~~~~~~~~~~~~~~
[0m


[31mX [41;31m[[41;97
mERROR[41;31m][0m 
[1mNG9: Property 
'getTypeLabel' does 
not exist on type 'Stud
entBookingsComponent'.
[0m [1m[35m[plugin 
angular-compiler][0m

    src/app/frontoffice
/jungle/student/student
-bookings/student-booki
ngs.component.html:93:4
1:
[37m      93 Ôöé ...  
        <div 
class="info-value">{{ 
[32mgetTypeLabel[37m(b
.type) }}</div>
         ÔòÁ           
                       
       
[32m~~~~~~~~~~~~[0m

  Error occurs in the 
template of component S
tudentBookingsComponent
.

    src/app/frontoffice
/jungle/student/student
-bookings/student-booki
ngs.component.ts:12:15:
[37m      12 Ôöé   
templateUrl: [32m'./st
udent-bookings.componen
t.html'[37m,
         ÔòÁ           
     [32m~~~~~~~~~~~~~
~~~~~~~~~~~~~~~~~~~~~~
[0m


[31mX [41;31m[[41;97
mERROR[41;31m][0m 
[1mNG9: Property 
'isCancelling' does 
not exist on type 'Stud
entBookingsComponent'.
[0m [1m[35m[plugin 
angular-compiler][0m

    src/app/frontoffice
/jungle/student/student
-bookings/student-booki
ngs.component.html:117:
30:
[37m      117 Ôöé     
              [disabled
]="[32misCancelling[3
7m">
          ÔòÁ          
                     
[32m~~~~~~~~~~~~[0m

  Error occurs in the 
template of component S
tudentBookingsComponent
.

    src/app/frontoffice
/jungle/student/student
-bookings/student-booki
ngs.component.ts:12:15:
[37m      12 Ôöé   
templateUrl: [32m'./st
udent-bookings.componen
t.html'[37m,
         ÔòÁ           
     [32m~~~~~~~~~~~~~
~~~~~~~~~~~~~~~~~~~~~~
[0m


[31mX [41;31m[[41;97
mERROR[41;31m][0m 
[1mNG9: Property 
'filteredBookings' 
does not exist on type 
'StudentBookingsCompone
nt'.[0m 
[1m[35m[plugin 
angular-compiler][0m

    src/app/frontoffice
/jungle/student/student
-bookings/student-booki
ngs.component.html:126:
48:
[37m      126 Ôöé 
...empty-state" 
*ngIf="!isLoading && [
32mfilteredBookings[37
m.length === 0">
          ÔòÁ          
                       
     [32m~~~~~~~~~~~~~
~~~[0m

  Error occurs in the 
template of component S
tudentBookingsComponent
.

    src/app/frontoffice
/jungle/student/student
-bookings/student-booki
ngs.component.ts:12:15:
[37m      12 Ôöé   
templateUrl: [32m'./st
udent-bookings.componen
t.html'[37m,
         ÔòÁ           
     [32m~~~~~~~~~~~~~
~~~~~~~~~~~~~~~~~~~~~~
[0m


[31mX [41;31m[[41;97
mERROR[41;31m][0m 
[1mNG9: Property 
'tutors' does not 
exist on type 'StudentS
essionsComponent'.[0m 
[1m[35m[plugin 
angular-compiler][0m

    src/app/frontoffice
/jungle/student/student
-sessions/student-sessi
ons.component.html:12:3
6:
[37m      12 Ôöé      
   <span 
class="stat-value">{{ 
[32mtutors[37m.length 
}}</span>
         ÔòÁ           
                       
   [32m~~~~~~[0m

  Error occurs in the 
template of component S
tudentSessionsComponent
.

    src/app/frontoffice
/jungle/student/student
-sessions/student-sessi
ons.component.ts:15:15:
[37m      15 Ôöé   
templateUrl: [32m'./st
udent-sessions.componen
t.html'[37m,
         ÔòÁ           
     [32m~~~~~~~~~~~~~
~~~~~~~~~~~~~~~~~~~~~~
[0m


[31mX [41;31m[[41;97
mERROR[41;31m][0m 
[1mNG8002: Can't bind 
to 'ngModel' since it 
isn't a known property 
of 'input'.[0m 
[1m[35m[plugin 
angular-compiler][0m

    src/app/frontoffice
/jungle/student/student
-sessions/student-sessi
ons.component.html:22:1
00:
[37m      22 Ôöé 
...une 
sp├®cialit├®...[32m" [
(ngModel)]="searchQuer
[37my" 
(input)="applyFi...
         ÔòÁ           
          [32m~~~~~~~~
~~~~~~~~~~~~~~~~~[0m

  Error occurs in the 
template of component S
tudentSessionsComponent
.

    src/app/frontoffice
/jungle/student/student
-sessions/student-sessi
ons.component.ts:15:15:
[37m      15 Ôöé   
templateUrl: [32m'./st
udent-sessions.componen
t.html'[37m,
         ÔòÁ           
     [32m~~~~~~~~~~~~~
~~~~~~~~~~~~~~~~~~~~~~
[0m


[31mX [41;31m[[41;97
mERROR[41;31m][0m 
[1mNG9: Property 
'searchQuery' does not 
exist on type 'StudentS
essionsComponent'.[0m 
[1m[35m[plugin 
angular-compiler][0m

    src/app/frontoffice
/jungle/student/student
-sessions/student-sessi
ons.component.html:22:1
13:
[37m      22 Ôöé 
...p├®cialit├®..." [(ng
Model)][32m="searchQue
[37mry" (input)="apply
Filter()">
         ÔòÁ           
                  
[32m~~~~~~~~~~~[0m

  Error occurs in the 
template of component S
tudentSessionsComponent
.

    src/app/frontoffice
/jungle/student/student
-sessions/student-sessi
ons.component.ts:15:15:
[37m      15 Ôöé   
templateUrl: [32m'./st
udent-sessions.componen
t.html'[37m,
         ÔòÁ           
     [32m~~~~~~~~~~~~~
~~~~~~~~~~~~~~~~~~~~~~
[0m


[31mX [41;31m[[41;97
mERROR[41;31m][0m 
[1mNG9: Property 
'searchQuery' does not 
exist on type 'StudentS
essionsComponent'.[0m 
[1m[35m[plugin 
angular-compiler][0m

    src/app/frontoffice
/jungle/student/student
-sessions/student-sessi
ons.component.html:22:1
13:
[37m      22 Ôöé 
...p├®cialit├®..." [(ng
Model)][32m="searchQue
[37mry" (input)="apply
Filter()">
         ÔòÁ           
                  
[32m~~~~~~~~~~~[0m

  Error occurs in the 
template of component S
tudentSessionsComponent
.

    src/app/frontoffice
/jungle/student/student
-sessions/student-sessi
ons.component.ts:15:15:
[37m      15 Ôöé   
templateUrl: [32m'./st
udent-sessions.componen
t.html'[37m,
         ÔòÁ           
     [32m~~~~~~~~~~~~~
~~~~~~~~~~~~~~~~~~~~~~
[0m


[31mX [41;31m[[41;97
mERROR[41;31m][0m 
[1mNG9: Property 
'applyFilter' does not 
exist on type 'StudentS
essionsComponent'.[0m 
[1m[35m[plugin 
angular-compiler][0m

    src/app/frontoffice
/jungle/student/student
-sessions/student-sessi
ons.component.html:22:1
35:
[37m      22 Ôöé 
...p├®cialit├®..." [(ng
Model)]="searchQuery" (
input)[32m="applyFilt
[37mer()">
         ÔòÁ           
                       
                 
[32m~~~~~~~~~~~[0m

  Error occurs in the 
template of component S
tudentSessionsComponent
.

    src/app/frontoffice
/jungle/student/student
-sessions/student-sessi
ons.component.ts:15:15:
[37m      15 Ôöé   
templateUrl: [32m'./st
udent-sessions.componen
t.html'[37m,
         ÔòÁ           
     [32m~~~~~~~~~~~~~
~~~~~~~~~~~~~~~~~~~~~~
[0m


[31mX [41;31m[[41;97
mERROR[41;31m][0m 
[1mNG9: Property 
'types' does not exist 
on type 'StudentSession
sComponent'.[0m 
[1m[35m[plugin 
angular-compiler][0m

    src/app/frontoffice
/jungle/student/student
-sessions/student-sessi
ons.component.html:25:4
7:
[37m      25 Ôöé 
...s="chip" 
*ngFor="let type of 
[32mtypes[37m" [class
.active]="selectedTyp..
.
         ÔòÁ           
                      
[32m~~~~~[0m

  Error occurs in the 
template of component S
tudentSessionsComponent
.

    src/app/frontoffice
/jungle/student/student
-sessions/student-sessi
ons.component.ts:15:15:
[37m      15 Ôöé   
templateUrl: [32m'./st
udent-sessions.componen
t.html'[37m,
         ÔòÁ           
     [32m~~~~~~~~~~~~~
~~~~~~~~~~~~~~~~~~~~~~
[0m


[31mX [41;31m[[41;97
mERROR[41;31m][0m 
[1mNG9: Property 
'selectedType' does 
not exist on type 'Stud
entSessionsComponent'.
[0m [1m[35m[plugin 
angular-compiler][0m

    src/app/frontoffice
/jungle/student/student
-sessions/student-sessi
ons.component.html:25:7
0:
[37m      25 Ôöé 
...of types" [class.act
ive]="[32mselectedType
[37m === type.value" 
(click)=...
         ÔòÁ           
                   
[32m~~~~~~~~~~~~[0m

  Error occurs in the 
template of component S
tudentSessionsComponent
.

    src/app/frontoffice
/jungle/student/student
-sessions/student-sessi
ons.component.ts:15:15:
[37m      15 Ôöé   
templateUrl: [32m'./st
udent-sessions.componen
t.html'[37m,
         ÔòÁ           
     [32m~~~~~~~~~~~~~
~~~~~~~~~~~~~~~~~~~~~~
[0m


[31mX [41;31m[[41;97
mERROR[41;31m][0m 
[1mNG9: Property 
'selectedType' does 
not exist on type 'Stud
entSessionsComponent'.
[0m [1m[35m[plugin 
angular-compiler][0m

    src/app/frontoffice
/jungle/student/student
-sessions/student-sessi
ons.component.html:25:1
08:
[37m      25 Ôöé ... 
=== type.value" (click)
="[32mselectedType[37
m = type.value; 
applyFilte...
         ÔòÁ           
                   
[32m~~~~~~~~~~~~[0m

  Error occurs in the 
template of component S
tudentSessionsComponent
.

    src/app/frontoffice
/jungle/student/student
-sessions/student-sessi
ons.component.ts:15:15:
[37m      15 Ôöé   
templateUrl: [32m'./st
udent-sessions.componen
t.html'[37m,
         ÔòÁ           
     [32m~~~~~~~~~~~~~
~~~~~~~~~~~~~~~~~~~~~~
[0m


[31mX [41;31m[[41;97
mERROR[41;31m][0m 
[1mNG9: Property 
'applyFilter' does not 
exist on type 'StudentS
essionsComponent'.[0m 
[1m[35m[plugin 
angular-compiler][0m

    src/app/frontoffice
/jungle/student/student
-sessions/student-sessi
ons.component.html:25:1
35:
[37m      25 Ôöé 
...== type.value" 
(click)="selectedType 
= type.value; [32mappl
yFilter[37m()">
         ÔòÁ           
                       
                     
[32m~~~~~~~~~~~[0m

  Error occurs in the 
template of component S
tudentSessionsComponent
.

    src/app/frontoffice
/jungle/student/student
-sessions/student-sessi
ons.component.ts:15:15:
[37m      15 Ôöé   
templateUrl: [32m'./st
udent-sessions.componen
t.html'[37m,
         ÔòÁ           
     [32m~~~~~~~~~~~~~
~~~~~~~~~~~~~~~~~~~~~~
[0m


[31mX [41;31m[[41;97
mERROR[41;31m][0m 
[1mNG9: Property 
'filteredTutors' does 
not exist on type 'Stud
entSessionsComponent'.
[0m [1m[35m[plugin 
angular-compiler][0m

    src/app/frontoffice
/jungle/student/student
-sessions/student-sessi
ons.component.html:44:4
8:
[37m      44 Ôöé 
...ass="tutors-grid" 
*ngIf="!isLoading && [
32mfilteredTutors[37m.
length > 0">
         ÔòÁ           
                       
         
[32m~~~~~~~~~~~~~~[0m

  Error occurs in the 
template of component S
tudentSessionsComponent
.

    src/app/frontoffice
/jungle/student/student
-sessions/student-sessi
ons.component.ts:15:15:
[37m      15 Ôöé   
templateUrl: [32m'./st
udent-sessions.componen
t.html'[37m,
         ÔòÁ           
     [32m~~~~~~~~~~~~~
~~~~~~~~~~~~~~~~~~~~~~
[0m


[31mX [41;31m[[41;97
mERROR[41;31m][0m 
[1mNG9: Property 
'filteredTutors' does 
not exist on type 'Stud
entSessionsComponent'.
[0m [1m[35m[plugin 
angular-compiler][0m

    src/app/frontoffice
/jungle/student/student
-sessions/student-sessi
ons.component.html:45:4
9:
[37m      45 Ôöé     
<div 
class="tutor-card" 
*ngFor="let tutor of [
32mfilteredTutors[37m"
>
         ÔòÁ           
                       
                
[32m~~~~~~~~~~~~~~[0m

  Error occurs in the 
template of component S
tudentSessionsComponent
.

    src/app/frontoffice
/jungle/student/student
-sessions/student-sessi
ons.component.ts:15:15:
[37m      15 Ôöé   
templateUrl: [32m'./st
udent-sessions.componen
t.html'[37m,
         ÔòÁ           
     [32m~~~~~~~~~~~~~
~~~~~~~~~~~~~~~~~~~~~~
[0m


[31mX [41;31m[[41;97
mERROR[41;31m][0m 
[1mNG9: Property 
'getInitials' does not 
exist on type 'StudentS
essionsComponent'.[0m 
[1m[35m[plugin 
angular-compiler][0m

    src/app/frontoffice
/jungle/student/student
-sessions/student-sessi
ons.component.html:47:3
7:
[37m      47 Ôöé      
   <div class="tutor-av
atar">{{ [32mgetInitia
ls[37m(tutor) }}</div>
         ÔòÁ           
                       
    
[32m~~~~~~~~~~~[0m

  Error occurs in the 
template of component S
tudentSessionsComponent
.

    src/app/frontoffice
/jungle/student/student
-sessions/student-sessi
ons.component.ts:15:15:
[37m      15 Ôöé   
templateUrl: [32m'./st
udent-sessions.componen
t.html'[37m,
         ÔòÁ           
     [32m~~~~~~~~~~~~~
~~~~~~~~~~~~~~~~~~~~~~
[0m


[31mX [41;31m[[41;97
mERROR[41;31m][0m 
[1mNG9: Property 
'isSelected' does not 
exist on type 'StudentS
essionsComponent'.[0m 
[1m[35m[plugin 
angular-compiler][0m

    src/app/frontoffice
/jungle/student/student
-sessions/student-sessi
ons.component.html:70:3
6:
[37m      70 Ôöé      
             [class.sel
ected]="[32misSelected
[37m(tutor.id, slot)"
         ÔòÁ           
                       
   [32m~~~~~~~~~~[0m

  Error occurs in the 
template of component S
tudentSessionsComponent
.

    src/app/frontoffice
/jungle/student/student
-sessions/student-sessi
ons.component.ts:15:15:
[37m      15 Ôöé   
templateUrl: [32m'./st
udent-sessions.componen
t.html'[37m,
         ÔòÁ           
     [32m~~~~~~~~~~~~~
~~~~~~~~~~~~~~~~~~~~~~
[0m


[31mX [41;31m[[41;97
mERROR[41;31m][0m 
[1mNG9: Property 
'selectSlot' does not 
exist on type 'StudentS
essionsComponent'.[0m 
[1m[35m[plugin 
angular-compiler][0m

    src/app/frontoffice
/jungle/student/student
-sessions/student-sessi
ons.component.html:71:2
7:
[37m      71 Ôöé      
             (click)="
[32mselectSlot[37m(tut
or, slot)">
         ÔòÁ           
                 
[32m~~~~~~~~~~[0m

  Error occurs in the 
template of component S
tudentSessionsComponent
.

    src/app/frontoffice
/jungle/student/student
-sessions/student-sessi
ons.component.ts:15:15:
[37m      15 Ôöé   
templateUrl: [32m'./st
udent-sessions.componen
t.html'[37m,
         ÔòÁ           
     [32m~~~~~~~~~~~~~
~~~~~~~~~~~~~~~~~~~~~~
[0m


[31mX [41;31m[[41;97
mERROR[41;31m][0m 
[1mNG1: Object is of 
type 'unknown'.[0m 
[1m[35m[plugin 
angular-compiler][0m

    src/app/frontoffice
/jungle/student/student
-sessions/student-sessi
ons.component.html:72:2
0:
[37m      72 Ôöé      
       {{ 
slot.[32mdate[37m | 
date:'d MMM' }} ┬À {{ 
slot.startTime | ...
         ÔòÁ           
          [32m~~~~[0m

  Error occurs in the 
template of component S
tudentSessionsComponent
.

    src/app/frontoffice
/jungle/student/student
-sessions/student-sessi
ons.component.ts:15:15:
[37m      15 Ôöé   
templateUrl: [32m'./st
udent-sessions.componen
t.html'[37m,
         ÔòÁ           
     [32m~~~~~~~~~~~~~
~~~~~~~~~~~~~~~~~~~~~~
[0m


[31mX [41;31m[[41;97
mERROR[41;31m][0m 
[1mNG1: Object is of 
type 'unknown'.[0m 
[1m[35m[plugin 
angular-compiler][0m

    src/app/frontoffice
/jungle/student/student
-sessions/student-sessi
ons.component.html:72:5
3:
[37m      72 Ôöé 
...{{ slot.date | 
date:'d MMM' }} ┬À {{ s
lot[32m.startTim[37me
 | slice:0:5 }}
         ÔòÁ           
                       
          
[32m~~~~~~~~~[0m

  Error occurs in the 
template of component S
tudentSessionsComponent
.

    src/app/frontoffice
/jungle/student/student
-sessions/student-sessi
ons.component.ts:15:15:
[37m      15 Ôöé   
templateUrl: [32m'./st
udent-sessions.componen
t.html'[37m,
         ÔòÁ           
     [32m~~~~~~~~~~~~~
~~~~~~~~~~~~~~~~~~~~~~
[0m


[31mX [41;31m[[41;97
mERROR[41;31m][0m 
[1mNG9: Property 
'hasSelectedSlot' does 
not exist on type 'Stud
entSessionsComponent'.
[0m [1m[35m[plugin 
angular-compiler][0m

    src/app/frontoffice
/jungle/student/student
-sessions/student-sessi
ons.component.html:80:4
6:
[37m      80 Ôöé 
..."btn-book" [disabled
]="![32mhasSelectedSlo
t[37m(tutor.id) || 
isBooking"...
         ÔòÁ           
                 [32m~
~~~~~~~~~~~~~~[0m

  Error occurs in the 
template of component S
tudentSessionsComponent
.

    src/app/frontoffice
/jungle/student/student
-sessions/student-sessi
ons.component.ts:15:15:
[37m      15 Ôöé   
templateUrl: [32m'./st
udent-sessions.componen
t.html'[37m,
         ÔòÁ           
     [32m~~~~~~~~~~~~~
~~~~~~~~~~~~~~~~~~~~~~
[0m


[31mX [41;31m[[41;97
mERROR[41;31m][0m 
[1mNG9: Property 
'isBooking' does not 
exist on type 'StudentS
essionsComponent'.[0m 
[1m[35m[plugin 
angular-compiler][0m

    src/app/frontoffice
/jungle/student/student
-sessions/student-sessi
ons.component.html:80:7
5:
[37m      80 Ôöé ...sS
electedSlot(tutor.id) 
|| 
[32misBooking[37m" (c
lick)="bookSession(tuto
...
         ÔòÁ           
                    
[32m~~~~~~~~~[0m

  Error occurs in the 
template of component S
tudentSessionsComponent
.

    src/app/frontoffice
/jungle/student/student
-sessions/student-sessi
ons.component.ts:15:15:
[37m      15 Ôöé   
templateUrl: [32m'./st
udent-sessions.componen
t.html'[37m,
         ÔòÁ           
     [32m~~~~~~~~~~~~~
~~~~~~~~~~~~~~~~~~~~~~
[0m


[31mX [41;31m[[41;97
mERROR[41;31m][0m 
[1mNG9: Property 
'bookSession' does not 
exist on type 'StudentS
essionsComponent'.[0m 
[1m[35m[plugin 
angular-compiler][0m

    src/app/frontoffice
/jungle/student/student
-sessions/student-sessi
ons.component.html:80:9
5:
[37m      80 Ôöé ...Se
lectedSlot(tutor.id) 
|| isBooking" (click)="
[32mbookSession[37m(t
utor)">
         ÔòÁ           
                       
                
[32m~~~~~~~~~~~[0m

  Error occurs in the 
template of component S
tudentSessionsComponent
.

    src/app/frontoffice
/jungle/student/student
-sessions/student-sessi
ons.component.ts:15:15:
[37m      15 Ôöé   
templateUrl: [32m'./st
udent-sessions.componen
t.html'[37m,
         ÔòÁ           
     [32m~~~~~~~~~~~~~
~~~~~~~~~~~~~~~~~~~~~~
[0m


[31mX [41;31m[[41;97
mERROR[41;31m][0m 
[1mNG9: Property 
'isBooking' does not 
exist on type 'StudentS
essionsComponent'.[0m 
[1m[35m[plugin 
angular-compiler][0m

    src/app/frontoffice
/jungle/student/student
-sessions/student-sessi
ons.component.html:81:2
3:
[37m      81 Ôöé      
     <span *ngIf="[32m
isBooking[37m" class="
btn-spinner"></span>
         ÔòÁ           
             
[32m~~~~~~~~~[0m

  Error occurs in the 
template of component S
tudentSessionsComponent
.

    src/app/frontoffice
/jungle/student/student
-sessions/student-sessi
ons.component.ts:15:15:
[37m      15 Ôöé   
templateUrl: [32m'./st
udent-sessions.componen
t.html'[37m,
         ÔòÁ           
     [32m~~~~~~~~~~~~~
~~~~~~~~~~~~~~~~~~~~~~
[0m


[31mX [41;31m[[41;97
mERROR[41;31m][0m 
[1mNG9: Property 
'viewProfile' does not 
exist on type 'StudentS
essionsComponent'.[0m 
[1m[35m[plugin 
angular-compiler][0m

    src/app/frontoffice
/jungle/student/student
-sessions/student-sessi
ons.component.html:84:4
5:
[37m      84 Ôöé 
...ss="btn-profile" (cl
ick)="[32mviewProfile
[37m(tutor.id)">Voir 
le profil...
         ÔòÁ           
                   
[32m~~~~~~~~~~~[0m

  Error occurs in the 
template of component S
tudentSessionsComponent
.

    src/app/frontoffice
/jungle/student/student
-sessions/student-sessi
ons.component.ts:15:15:
[37m      15 Ôöé   
templateUrl: [32m'./st
udent-sessions.componen
t.html'[37m,
         ÔòÁ           
     [32m~~~~~~~~~~~~~
~~~~~~~~~~~~~~~~~~~~~~
[0m


[31mX [41;31m[[41;97
mERROR[41;31m][0m 
[1mNG9: Property 
'filteredTutors' does 
not exist on type 'Stud
entSessionsComponent'.
[0m [1m[35m[plugin 
angular-compiler][0m

    src/app/frontoffice
/jungle/student/student
-sessions/student-sessi
ons.component.html:90:4
8:
[37m      90 Ôöé 
...s="empty-state" 
*ngIf="!isLoading && [
32mfilteredTutors[37m.
length === 0">
         ÔòÁ           
                       
       
[32m~~~~~~~~~~~~~~[0m

  Error occurs in the 
template of component S
tudentSessionsComponent
.

    src/app/frontoffice
/jungle/student/student
-sessions/student-sessi
ons.component.ts:15:15:
[37m      15 Ôöé   
templateUrl: [32m'./st
udent-sessions.componen
t.html'[37m,
         ÔòÁ           
     [32m~~~~~~~~~~~~~
~~~~~~~~~~~~~~~~~~~~~~
[0m


[31mX [41;31m[[41;97
mERROR[41;31m][0m 
[1mNG9: Property 
'showBookingModal' 
does not exist on type 
'StudentSessionsCompone
nt'.[0m 
[1m[35m[plugin 
angular-compiler][0m

    src/app/frontoffice
/jungle/student/student
-sessions/student-sessi
ons.component.html:97:3
6:
[37m      97 Ôöé 
...s="modal-overlay" *n
gIf="[32mshowBookingMo
dal[37m" 
(click)="closeModal()">
         ÔòÁ           
                  [32m
~~~~~~~~~~~~~~~~[0m

  Error occurs in the 
template of component S
tudentSessionsComponent
.

    src/app/frontoffice
/jungle/student/student
-sessions/student-sessi
ons.component.ts:15:15:
[37m      15 Ôöé   
templateUrl: [32m'./st
udent-sessions.componen
t.html'[37m,
         ÔòÁ           
     [32m~~~~~~~~~~~~~
~~~~~~~~~~~~~~~~~~~~~~
[0m


[31mX [41;31m[[41;97
mERROR[41;31m][0m 
[1mNG9: Property 
'closeModal' does not 
exist on type 'StudentS
essionsComponent'.[0m 
[1m[35m[plugin 
angular-compiler][0m

    src/app/frontoffice
/jungle/student/student
-sessions/student-sessi
ons.component.html:97:6
3:
[37m      97 Ôöé 
...s="modal-overlay" *n
gIf="showBookingModal" 
(click)="[32mcloseModa
l[37m()">
         ÔòÁ           
                       
                      
[32m~~~~~~~~~~[0m

  Error occurs in the 
template of component S
tudentSessionsComponent
.

    src/app/frontoffice
/jungle/student/student
-sessions/student-sessi
ons.component.ts:15:15:
[37m      15 Ôöé   
templateUrl: [32m'./st
udent-sessions.componen
t.html'[37m,
         ÔòÁ           
     [32m~~~~~~~~~~~~~
~~~~~~~~~~~~~~~~~~~~~~
[0m


[31mX [41;31m[[41;97
mERROR[41;31m][0m 
[1mNG9: Property 
'closeModal' does not 
exist on type 'StudentS
essionsComponent'.[0m 
[1m[35m[plugin 
angular-compiler][0m

    src/app/frontoffice
/jungle/student/student
-sessions/student-sessi
ons.component.html:101:
45:
[37m      101 Ôöé ... 
  <button 
class="modal-close" (cl
ick)="[32mcloseModal[
37m()">├ù</button>
          ÔòÁ          
                       
           
[32m~~~~~~~~~~[0m

  Error occurs in the 
template of component S
tudentSessionsComponent
.

    src/app/frontoffice
/jungle/student/student
-sessions/student-sessi
ons.component.ts:15:15:
[37m      15 Ôöé   
templateUrl: [32m'./st
udent-sessions.componen
t.html'[37m,
         ÔòÁ           
     [32m~~~~~~~~~~~~~
~~~~~~~~~~~~~~~~~~~~~~
[0m


[31mX [41;31m[[41;97
mERROR[41;31m][0m 
[1mNG9: Property 
'selectedTutor' does 
not exist on type 'Stud
entSessionsComponent'.
[0m [1m[35m[plugin 
angular-compiler][0m

    src/app/frontoffice
/jungle/student/student
-sessions/student-sessi
ons.component.html:107:
43:
[37m      107 Ôöé ...c
lass="summary-value">{{
 [32mselectedTutor[37
m?.firstName }} {{ 
select...
          ÔòÁ          
                   
[32m~~~~~~~~~~~~~[0m

  Error occurs in the 
template of component S
tudentSessionsComponent
.

    src/app/frontoffice
/jungle/student/student
-sessions/student-sessi
ons.component.ts:15:15:
[37m      15 Ôöé   
templateUrl: [32m'./st
udent-sessions.componen
t.html'[37m,
         ÔòÁ           
     [32m~~~~~~~~~~~~~
~~~~~~~~~~~~~~~~~~~~~~
[0m


[31mX [41;31m[[41;97
mERROR[41;31m][0m 
[1mNG9: Property 
'selectedTutor' does 
not exist on type 'Stud
entSessionsComponent'.
[0m [1m[35m[plugin 
angular-compiler][0m

    src/app/frontoffice
/jungle/student/student
-sessions/student-sessi
ons.component.html:107:
74:
[37m      107 Ôöé ... 
selectedTutor?.firstNam
e }} {{ [32mselectedTu
tor[37m?.lastName 
}}</span>
          ÔòÁ          
                       
   
[32m~~~~~~~~~~~~~[0m

  Error occurs in the 
template of component S
tudentSessionsComponent
.

    src/app/frontoffice
/jungle/student/student
-sessions/student-sessi
ons.component.ts:15:15:
[37m      15 Ôöé   
templateUrl: [32m'./st
udent-sessions.componen
t.html'[37m,
         ÔòÁ           
     [32m~~~~~~~~~~~~~
~~~~~~~~~~~~~~~~~~~~~~
[0m


[31mX [41;31m[[41;97
mERROR[41;31m][0m 
[1mNG9: Property 
'selectedSlot' does 
not exist on type 'Stud
entSessionsComponent'.
[0m [1m[35m[plugin 
angular-compiler][0m

    src/app/frontoffice
/jungle/student/student
-sessions/student-sessi
ons.component.html:111:
43:
[37m      111 Ôöé ...c
lass="summary-value">{{
 [32mselectedSlot[37m
?.date | date:'EEEE d 
MMM...
          ÔòÁ          
                   
[32m~~~~~~~~~~~~[0m

  Error occurs in the 
template of component S
tudentSessionsComponent
.

    src/app/frontoffice
/jungle/student/student
-sessions/student-sessi
ons.component.ts:15:15:
[37m      15 Ôöé   
templateUrl: [32m'./st
udent-sessions.componen
t.html'[37m,
         ÔòÁ           
     [32m~~~~~~~~~~~~~
~~~~~~~~~~~~~~~~~~~~~~
[0m


[31mX [41;31m[[41;97
mERROR[41;31m][0m 
[1mNG9: Property 
'selectedSlot' does 
not exist on type 'Stud
entSessionsComponent'.
[0m [1m[35m[plugin 
angular-compiler][0m

    src/app/frontoffice
/jungle/student/student
-sessions/student-sessi
ons.component.html:115:
43:
[37m      115 Ôöé ...c
lass="summary-value">{{
 [32mselectedSlot[37m
?.startTime | 
slice:0:5 }...
          ÔòÁ          
                   
[32m~~~~~~~~~~~~[0m

  Error occurs in the 
template of component S
tudentSessionsComponent
.

    src/app/frontoffice
/jungle/student/student
-sessions/student-sessi
ons.component.ts:15:15:
[37m      15 Ôöé   
templateUrl: [32m'./st
udent-sessions.componen
t.html'[37m,
         ÔòÁ           
     [32m~~~~~~~~~~~~~
~~~~~~~~~~~~~~~~~~~~~~
[0m


[31mX [41;31m[[41;97
mERROR[41;31m][0m 
[1mNG9: Property 
'selectedSlot' does 
not exist on type 'Stud
entSessionsComponent'.
[0m [1m[35m[plugin 
angular-compiler][0m

    src/app/frontoffice
/jungle/student/student
-sessions/student-sessi
ons.component.html:115:
87:
[37m      115 Ôöé 
...Time | slice:0:5 }} 
ÔÇô {[32m{ selectedSl
[37mot?.endTime | 
slice:0:5 }...
          ÔòÁ          
                 
[32m~~~~~~~~~~~~[0m

  Error occurs in the 
template of component S
tudentSessionsComponent
.

    src/app/frontoffice
/jungle/student/student
-sessions/student-sessi
ons.component.ts:15:15:
[37m      15 Ôöé   
templateUrl: [32m'./st
udent-sessions.componen
t.html'[37m,
         ÔòÁ           
     [32m~~~~~~~~~~~~~
~~~~~~~~~~~~~~~~~~~~~~
[0m


[31mX [41;31m[[41;97
mERROR[41;31m][0m 
[1mNG8002: Can't bind 
to 'ngModel' since it 
isn't a known property 
of 'select'.[0m 
[1m[35m[plugin 
angular-compiler][0m

    src/app/frontoffice
/jungle/student/student
-sessions/student-sessi
ons.component.html:119:
40:
[37m      119 Ôöé     
        <select 
class="type-select" [3
2m[(ngModel)]="bookingT
ype"[37m>
          ÔòÁ          
                       
        [32m~~~~~~~~~~
~~~~~~~~~~~~~~~[0m

  Error occurs in the 
template of component S
tudentSessionsComponent
.

    src/app/frontoffice
/jungle/student/student
-sessions/student-sessi
ons.component.ts:15:15:
[37m      15 Ôöé   
templateUrl: [32m'./st
udent-sessions.componen
t.html'[37m,
         ÔòÁ           
     [32m~~~~~~~~~~~~~
~~~~~~~~~~~~~~~~~~~~~~
[0m


[31mX [41;31m[[41;97
mERROR[41;31m][0m 
[1mNG9: Property 
'bookingType' does not 
exist on type 'StudentS
essionsComponent'.[0m 
[1m[35m[plugin 
angular-compiler][0m

    src/app/frontoffice
/jungle/student/student
-sessions/student-sessi
ons.component.html:119:
53:
[37m      119 Ôöé     
        <select 
class="type-select" [(n
gModel)]="[32mbookingT
ype[37m">
          ÔòÁ          
                       
                     
[32m~~~~~~~~~~~[0m

  Error occurs in the 
template of component S
tudentSessionsComponent
.

    src/app/frontoffice
/jungle/student/student
-sessions/student-sessi
ons.component.ts:15:15:
[37m      15 Ôöé   
templateUrl: [32m'./st
udent-sessions.componen
t.html'[37m,
         ÔòÁ           
     [32m~~~~~~~~~~~~~
~~~~~~~~~~~~~~~~~~~~~~
[0m


[31mX [41;31m[[41;97
mERROR[41;31m][0m 
[1mNG9: Property 
'bookingType' does not 
exist on type 'StudentS
essionsComponent'.[0m 
[1m[35m[plugin 
angular-compiler][0m

    src/app/frontoffice
/jungle/student/student
-sessions/student-sessi
ons.component.html:119:
53:
[37m      119 Ôöé     
        <select 
class="type-select" [(n
gModel)]="[32mbookingT
ype[37m">
          ÔòÁ          
                       
                     
[32m~~~~~~~~~~~[0m

  Error occurs in the 
template of component S
tudentSessionsComponent
.

    src/app/frontoffice
/jungle/student/student
-sessions/student-sessi
ons.component.ts:15:15:
[37m      15 Ôöé   
templateUrl: [32m'./st
udent-sessions.componen
t.html'[37m,
         ÔòÁ           
     [32m~~~~~~~~~~~~~
~~~~~~~~~~~~~~~~~~~~~~
[0m


[31mX [41;31m[[41;97
mERROR[41;31m][0m 
[1mNG8002: Can't bind 
to 'ngModel' since it 
isn't a known property 
of 'textarea'.[0m 
[1m[35m[plugin 
angular-compiler][0m

    src/app/frontoffice
/jungle/student/student
-sessions/student-sessi
ons.component.html:126:
90:
[37m      126 Ôöé 
...r (optionnel)..." [
32m[(ngModel)]="booking
Notes"[37m 
rows="3"></textarea>
          ÔòÁ          
            [32m~~~~~~
~~~~~~~~~~~~~~~~~~~~[0
m

  Error occurs in the 
template of component S
tudentSessionsComponent
.

    src/app/frontoffice
/jungle/student/student
-sessions/student-sessi
ons.component.ts:15:15:
[37m      15 Ôöé   
templateUrl: [32m'./st
udent-sessions.componen
t.html'[37m,
         ÔòÁ           
     [32m~~~~~~~~~~~~~
~~~~~~~~~~~~~~~~~~~~~~
[0m


[31mX [41;31m[[41;97
mERROR[41;31m][0m 
[1mNG9: Property 
'bookingNotes' does 
not exist on type 'Stud
entSessionsComponent'.
[0m [1m[35m[plugin 
angular-compiler][0m

    src/app/frontoffice
/jungle/student/student
-sessions/student-sessi
ons.component.html:126:
103:
[37m      126 Ôöé 
...r (optionnel)..." [(
ngModel)]="[32mbooking
Notes[37m" 
rows="3"></textarea>
          ÔòÁ          
                       
  [32m~~~~~~~~~~~~[0m

  Error occurs in the 
template of component S
tudentSessionsComponent
.

    src/app/frontoffice
/jungle/student/student
-sessions/student-sessi
ons.component.ts:15:15:
[37m      15 Ôöé   
templateUrl: [32m'./st
udent-sessions.componen
t.html'[37m,
         ÔòÁ           
     [32m~~~~~~~~~~~~~
~~~~~~~~~~~~~~~~~~~~~~
[0m


[31mX [41;31m[[41;97
mERROR[41;31m][0m 
[1mNG9: Property 
'bookingNotes' does 
not exist on type 'Stud
entSessionsComponent'.
[0m [1m[35m[plugin 
angular-compiler][0m

    src/app/frontoffice
/jungle/student/student
-sessions/student-sessi
ons.component.html:126:
103:
[37m      126 Ôöé 
...r (optionnel)..." [(
ngModel)]="[32mbooking
Notes[37m" 
rows="3"></textarea>
          ÔòÁ          
                       
  [32m~~~~~~~~~~~~[0m

  Error occurs in the 
template of component S
tudentSessionsComponent
.

    src/app/frontoffice
/jungle/student/student
-sessions/student-sessi
ons.component.ts:15:15:
[37m      15 Ôöé   
templateUrl: [32m'./st
udent-sessions.componen
t.html'[37m,
         ÔòÁ           
     [32m~~~~~~~~~~~~~
~~~~~~~~~~~~~~~~~~~~~~
[0m


[31mX [41;31m[[41;97
mERROR[41;31m][0m 
[1mNG9: Property 
'closeModal' does not 
exist on type 'StudentS
essionsComponent'.[0m 
[1m[35m[plugin 
angular-compiler][0m

    src/app/frontoffice
/jungle/student/student
-sessions/student-sessi
ons.component.html:129:
47:
[37m      129 Ôöé 
...ton 
class="btn-secondary" (
click)="[32mcloseModal
[37m()">Annuler</butto
n>
          ÔòÁ          
                       
      
[32m~~~~~~~~~~[0m

  Error occurs in the 
template of component S
tudentSessionsComponent
.

    src/app/frontoffice
/jungle/student/student
-sessions/student-sessi
ons.component.ts:15:15:
[37m      15 Ôöé   
templateUrl: [32m'./st
udent-sessions.componen
t.html'[37m,
         ÔòÁ           
     [32m~~~~~~~~~~~~~
~~~~~~~~~~~~~~~~~~~~~~
[0m


[31mX [41;31m[[41;97
mERROR[41;31m][0m 
[1mNG9: Property 
'confirmBooking' does 
not exist on type 'Stud
entSessionsComponent'.
[0m [1m[35m[plugin 
angular-compiler][0m

    src/app/frontoffice
/jungle/student/student
-sessions/student-sessi
ons.component.html:130:
45:
[37m      130 Ôöé     
    <button 
class="btn-confirm" (cl
ick)="[32mconfirmBooki
ng[37m()">
          ÔòÁ          
                       
             
[32m~~~~~~~~~~~~~~[0m

  Error occurs in the 
template of component S
tudentSessionsComponent
.

    src/app/frontoffice
/jungle/student/student
-sessions/student-sessi
ons.component.ts:15:15:
[37m      15 Ôöé   
templateUrl: [32m'./st
udent-sessions.componen
t.html'[37m,
         ÔòÁ           
     [32m~~~~~~~~~~~~~
~~~~~~~~~~~~~~~~~~~~~~
[0m


[31mX [41;31m[[41;97
mERROR[41;31m][0m 
[1mNG9: Property 
'getTypeLabel' does 
not exist on type 'Tuto
rBookingsComponent'.[0
m [1m[35m[plugin 
angular-compiler][0m

    src/app/frontoffice
/jungle/tutor/Booking/t
utor-bookings.component
.html:55:47:
[37m      55 Ôöé ...  
<div class="booking-typ
e-label">{{ [32mgetTyp
eLabel[37m(b.type) 
}}</div>
         ÔòÁ           
                       
       
[32m~~~~~~~~~~~~[0m

  Error occurs in the 
template of component 
TutorBookingsComponent.

    src/app/frontoffice
/jungle/tutor/Booking/T
utor-bookings.component
.ts:11:15:
[37m      11 Ôöé   
templateUrl: [32m'./tu
tor-bookings.component.
html'[37m,
         ÔòÁ           
     [32m~~~~~~~~~~~~~
~~~~~~~~~~~~~~~~~~~~[0
m


[31mX [41;31m[[41;97
mERROR[41;31m][0m 
[1mNG9: Property 
'getStatusLabel' does 
not exist on type 'Tuto
rBookingsComponent'.[0
m [1m[35m[plugin 
angular-compiler][0m

    src/app/frontoffice
/jungle/tutor/Booking/t
utor-bookings.component
.html:58:45:
[37m      58 Ôöé ...  
    {{ getStatusIcon(b.
status) }} {{ [32mgetS
tatusLabel[37m(b.statu
s) }}
         ÔòÁ           
                       
         
[32m~~~~~~~~~~~~~~[0m

  Error occurs in the 
template of component 
TutorBookingsComponent.

    src/app/frontoffice
/jungle/tutor/Booking/T
utor-bookings.component
.ts:11:15:
[37m      11 Ôöé   
templateUrl: [32m'./tu
tor-bookings.component.
html'[37m,
         ÔòÁ           
     [32m~~~~~~~~~~~~~
~~~~~~~~~~~~~~~~~~~~[0
m

[39m[22m
